// Jest Snapshot v1, https://goo.gl/fbAQLP

exports[`code generator interpolation 1`] = `
"const {toDisplayString: _toDisplayString} = Vue
return function render(_ctx, _cache){return _toDisplayString(_ctx.message)}"
`;

exports[`code generator string 1`] = `"return function render(_ctx, _cache){return 'hi'}"`;
